../Drivers/CMSIS/Include/core_cm3.h:1511:22:__NVIC_EnableIRQ	16	static
../Drivers/CMSIS/Include/core_cm3.h:1639:22:__NVIC_SetPriority	16	static
../Drivers/STM32F1xx_HAL_Driver/Inc/stm32f1xx_ll_bus.h:761:22:LL_APB2_GRP1_EnableClock	24	static
../Core/Src/main.c:65:6:configure_uart_CMSIS	24	static
../Core/Src/main.c:81:6:configure_dma_CMSIS	4	static
../Core/Src/main.c:153:6:configure_nvic	8	static
../Core/Src/main.c:164:6:DMA1_Channel5_IRQHandler	4	static
../Core/Src/main.c:190:6:start_transmission	4	static
../Core/Src/main.c:199:6:start_receive	4	static
../Core/Src/main.c:208:6:transmit_data	4	static
../Core/Src/main.c:254:5:main	8	static
../Core/Src/main.c:302:6:SystemClock_Config	72	static
../Core/Src/main.c:341:13:MX_USART1_UART_Init	8	static
../Core/Src/main.c:374:13:MX_GPIO_Init	8	static
../Core/Src/main.c:394:6:Error_Handler	4	static,ignoring_inline_asm
